// Jest Snapshot v1, https://goo.gl/fbAQLP

exports[`Should render expense list item 1`] = `
<div>
  <NavLink
    activeClassName="active"
    aria-current="page"
    to="/edit/1"
  >
    <h3>
      Gum
    </h3>
  </NavLink>
  <p>
    195
     - 
    0
  </p>
  <button
    onClick={[Function]}
  >
    Remove
  </button>
</div>
`;
