// Jest Snapshot v1, https://goo.gl/fbAQLP

exports[`Should correctly render LoginPage 1`] = `
<div
  className="box-layout"
>
  <div
    className="box-Layout__box"
  >
    <h1
      className="box-layout__title"
    >
      Expense Tracker
    </h1>
    <p>
      Track your everday expenses !
    </p>
    <button
      class="button"
    >
      Login with Google
    </button>
  </div>
</div>
`;
